../Core/Src/main.c:79:6:PCA9685_SetBit	40	static
../Core/Src/main.c:90:6:PCA9685_SetPWMFrequency	40	static
../Core/Src/main.c:104:6:PCA9685_Init	16	static
../Core/Src/main.c:110:6:PCA9685_SetPWM	40	static
../Core/Src/main.c:123:6:PCA9685_SetServoAngle	24	static
../Core/Src/main.c:132:6:HAL_ADC_ConvCpltCallback	16	static
../Core/Src/main.c:155:5:main	8	static
../Core/Src/main.c:205:6:SystemClock_Config	88	static
../Core/Src/main.c:253:13:MX_ADC1_Init	24	static
../Core/Src/main.c:350:13:MX_I2C1_Init	8	static
../Core/Src/main.c:384:13:MX_USART2_UART_Init	8	static
../Core/Src/main.c:415:13:MX_DMA_Init	16	static
../Core/Src/main.c:433:13:MX_GPIO_Init	48	static
../Core/Src/main.c:469:6:Error_Handler	4	static,ignoring_inline_asm
